// Jest Snapshot v1, https://goo.gl/fbAQLP

exports[`should render Expense Dashboard  1`] = `
<div>
  Dashboard content.
</div>
`;
